Reading package lists...
Building dependency tree...
Reading state information...
build-essential is already the newest version (12.10ubuntu1).
build-essential set to manually installed.
git is already the newest version (1:2.43.0-1ubuntu7.3).
The following additional packages will be installed:
  cmake-data gir1.2-ibus-1.0 libapparmor1 libarchive13t64 libasound2-data
  libasound2-dev libasound2t64 libasyncns0 libdbus-1-3 libdbus-1-dev
  libdecor-0-0 libdecor-0-dev libdrm-amdgpu1 libdrm-common libdrm-dev
  libdrm-intel1 libdrm-nouveau2 libdrm-radeon1 libdrm2 libegl-dev libegl-mesa0
  libegl1 libflac12t64 libgbm-dev libgbm1 libgl-dev libgl1 libgl1-mesa-dri
  libgles-dev libgles1 libgles2 libglvnd0 libglx-dev libglx-mesa0 libglx0
  libibus-1.0-5 libibus-1.0-dev libjsoncpp25 libllvm20 libmp3lame0
  libmpg123-0t64 libogg0 libopus0 libpciaccess-dev libpciaccess0 libpulse-dev
  libpulse-mainloop-glib0 libpulse0 librhash0 libsamplerate0
  libsamplerate0-dev libsdl2-2.0-0 libsensors-config libsensors5 libsndfile1
  libsndio-dev libsndio7.0 libudev-dev libuv1t64 libvorbis0a libvorbisenc2
  libvulkan1 libwayland-bin libwayland-client0 libwayland-cursor0
  libwayland-dev libwayland-egl1 libwayland-server0 libx11-xcb1 libxcb-dri3-0
  libxcb-glx0 libxcb-present0 libxcb-randr0 libxcb-sync1 libxcb-xfixes0
  libxcursor-dev libxcursor1 libxfixes-dev libxfixes3 libxi-dev libxi6
  libxinerama-dev libxinerama1 libxkbcommon-dev libxkbcommon0 libxrandr-dev
  libxrandr2 libxshmfence1 libxss-dev libxss1 libxv-dev libxv1 libxxf86vm-dev
  libxxf86vm1 mesa-libgallium sgml-base xkb-data xml-core
Suggested packages:
  cmake-doc cmake-format elpa-cmake-mode ninja-build lrzip alsa-utils
  libasound2-doc libasound2-plugins opus-tools pciutils pulseaudio xdg-utils
  lm-sensors sndiod libwayland-doc sgml-base-doc debhelper
Recommended packages:
  alsa-ucm-conf alsa-topology-conf dbus default-libdecor-0-plugin-1
  | libdecor-0-plugin-1 mesa-vulkan-drivers | vulkan-icd
The following NEW packages will be installed:
  cmake cmake-data gir1.2-ibus-1.0 libapparmor1 libarchive13t64
  libasound2-data libasound2-dev libasound2t64 libasyncns0 libdbus-1-3
  libdbus-1-dev libdecor-0-0 libdecor-0-dev libdrm-amdgpu1 libdrm-common
  libdrm-dev libdrm-intel1 libdrm-nouveau2 libdrm-radeon1 libdrm2 libegl-dev
  libegl-mesa0 libegl1 libflac12t64 libgbm-dev libgbm1 libgl-dev libgl1
  libgl1-mesa-dri libgles-dev libgles1 libgles2 libglvnd0 libglx-dev
  libglx-mesa0 libglx0 libibus-1.0-5 libibus-1.0-dev libjsoncpp25 libllvm20
  libmp3lame0 libmpg123-0t64 libogg0 libopus0 libpciaccess-dev libpciaccess0
  libpulse-dev libpulse-mainloop-glib0 libpulse0 librhash0 libsamplerate0
  libsamplerate0-dev libsdl2-2.0-0 libsdl2-dev libsensors-config libsensors5
  libsndfile1 libsndio-dev libsndio7.0 libudev-dev libuv1t64 libvorbis0a
  libvorbisenc2 libvulkan1 libwayland-bin libwayland-client0
  libwayland-cursor0 libwayland-dev libwayland-egl1 libwayland-server0
  libx11-xcb1 libxcb-dri3-0 libxcb-glx0 libxcb-present0 libxcb-randr0
  libxcb-sync1 libxcb-xfixes0 libxcursor-dev libxcursor1 libxfixes-dev
  libxfixes3 libxi-dev libxi6 libxinerama-dev libxinerama1 libxkbcommon-dev
  libxkbcommon0 libxrandr-dev libxrandr2 libxshmfence1 libxss-dev libxss1
  libxv-dev libxv1 libxxf86vm-dev libxxf86vm1 mesa-libgallium sgml-base
  xkb-data xml-core
0 upgraded, 100 newly installed, 0 to remove and 26 not upgraded.
Need to get 64.4 MB of archives.
After this operation, 277 MB of additional disk space will be used.
Get:1 http://archive.ubuntu.com/ubuntu noble/main amd64 sgml-base all 1.31 [11.4 kB]
Get:2 http://archive.ubuntu.com/ubuntu noble-updates/main amd64 libapparmor1 amd64 4.0.1really4.0.1-0ubuntu0.24.04.6 [51.2 kB]
Get:3 http://archive.ubuntu.com/ubuntu noble-updates/main amd64 libdbus-1-3 amd64 1.14.10-4ubuntu4.1 [210 kB]
Get:4 http://archive.ubuntu.com/ubuntu noble-updates/main amd64 xkb-data all 2.41-2ubuntu1.1 [397 kB]
Get:5 http://archive.ubuntu.com/ubuntu noble-updates/main amd64 libdrm-common all 2.4.125-1ubuntu0.1~24.04.1 [9174 B]
Get:6 http://archive.ubuntu.com/ubuntu noble-updates/main amd64 libdrm2 amd64 2.4.125-1ubuntu0.1~24.04.1 [41.3 kB]
Get:7 http://archive.ubuntu.com/ubuntu noble/main amd64 libsensors-config all 1:3.6.0-9build1 [5546 B]
Get:8 http://archive.ubuntu.com/ubuntu noble/main amd64 libsensors5 amd64 1:3.6.0-9build1 [26.6 kB]
Get:9 http://archive.ubuntu.com/ubuntu noble/main amd64 libuv1t64 amd64 1.48.0-1.1build1 [97.3 kB]
Get:10 http://archive.ubuntu.com/ubuntu noble/main amd64 libxkbcommon0 amd64 1.6.0-1build1 [122 kB]
Get:11 http://archive.ubuntu.com/ubuntu noble-updates/main amd64 libarchive13t64 amd64 3.7.2-2ubuntu0.6 [382 kB]
Get:12 http://archive.ubuntu.com/ubuntu noble/main amd64 libjsoncpp25 amd64 1.9.5-6build1 [82.8 kB]
Get:13 http://archive.ubuntu.com/ubuntu noble/main amd64 librhash0 amd64 1.4.3-3build1 [129 kB]
Get:14 http://archive.ubuntu.com/ubuntu noble/main amd64 cmake-data all 3.28.3-1build7 [2155 kB]
Get:15 http://archive.ubuntu.com/ubuntu noble/main amd64 cmake amd64 3.28.3-1build7 [11.2 MB]
Get:16 http://archive.ubuntu.com/ubuntu noble/main amd64 libibus-1.0-5 amd64 1.5.29-2 [181 kB]
Get:17 http://archive.ubuntu.com/ubuntu noble/main amd64 gir1.2-ibus-1.0 amd64 1.5.29-2 [86.3 kB]
Get:18 http://archive.ubuntu.com/ubuntu noble-updates/main amd64 libasound2-data all 1.2.11-1ubuntu0.2 [21.3 kB]
Get:19 http://archive.ubuntu.com/ubuntu noble-updates/main amd64 libasound2t64 amd64 1.2.11-1ubuntu0.2 [398 kB]
Get:20 http://archive.ubuntu.com/ubuntu noble-updates/main amd64 libasound2-dev amd64 1.2.11-1ubuntu0.2 [115 kB]
Get:21 http://archive.ubuntu.com/ubuntu noble/main amd64 libasyncns0 amd64 0.8-6build4 [11.3 kB]
Get:22 http://archive.ubuntu.com/ubuntu noble/main amd64 xml-core all 0.19 [20.3 kB]
Get:23 http://archive.ubuntu.com/ubuntu noble-updates/main amd64 libdbus-1-dev amd64 1.14.10-4ubuntu4.1 [190 kB]
Get:24 http://archive.ubuntu.com/ubuntu noble/main amd64 libwayland-client0 amd64 1.22.0-2.1build1 [26.4 kB]
Get:25 http://archive.ubuntu.com/ubuntu noble/main amd64 libdecor-0-0 amd64 0.2.2-1build2 [16.5 kB]
Get:26 http://archive.ubuntu.com/ubuntu noble/main amd64 libwayland-server0 amd64 1.22.0-2.1build1 [33.9 kB]
Get:27 http://archive.ubuntu.com/ubuntu noble/main amd64 libwayland-cursor0 amd64 1.22.0-2.1build1 [10.4 kB]
Get:28 http://archive.ubuntu.com/ubuntu noble/main amd64 libwayland-egl1 amd64 1.22.0-2.1build1 [5628 B]
Get:29 http://archive.ubuntu.com/ubuntu noble/main amd64 libwayland-bin amd64 1.22.0-2.1build1 [20.6 kB]
Get:30 http://archive.ubuntu.com/ubuntu noble/main amd64 libwayland-dev amd64 1.22.0-2.1build1 [71.3 kB]
Get:31 http://archive.ubuntu.com/ubuntu noble/main amd64 libdecor-0-dev amd64 0.2.2-1build2 [5726 B]
Get:32 http://archive.ubuntu.com/ubuntu noble-updates/main amd64 libdrm-amdgpu1 amd64 2.4.125-1ubuntu0.1~24.04.1 [21.4 kB]
Get:33 http://archive.ubuntu.com/ubuntu noble-updates/main amd64 libpciaccess0 amd64 0.17-3ubuntu0.24.04.2 [18.9 kB]
Get:34 http://archive.ubuntu.com/ubuntu noble-updates/main amd64 libdrm-intel1 amd64 2.4.125-1ubuntu0.1~24.04.1 [63.8 kB]
Get:35 http://archive.ubuntu.com/ubuntu noble-updates/main amd64 libdrm-radeon1 amd64 2.4.125-1ubuntu0.1~24.04.1 [20.8 kB]
Get:36 http://archive.ubuntu.com/ubuntu noble-updates/main amd64 libdrm-nouveau2 amd64 2.4.125-1ubuntu0.1~24.04.1 [17.7 kB]
Get:37 http://archive.ubuntu.com/ubuntu noble-updates/main amd64 libpciaccess-dev amd64 0.17-3ubuntu0.24.04.2 [22.0 kB]
Get:38 http://archive.ubuntu.com/ubuntu noble-updates/main amd64 libdrm-dev amd64 2.4.125-1ubuntu0.1~24.04.1 [314 kB]
Get:39 http://archive.ubuntu.com/ubuntu noble/main amd64 libglvnd0 amd64 1.7.0-1build1 [69.6 kB]
Get:40 http://archive.ubuntu.com/ubuntu noble-updates/main amd64 libllvm20 amd64 1:20.1.2-0ubuntu1~24.04.2 [30.6 MB]
Get:41 http://archive.ubuntu.com/ubuntu noble/main amd64 libx11-xcb1 amd64 2:1.8.7-1build1 [7800 B]
Get:42 http://archive.ubuntu.com/ubuntu noble/main amd64 libxcb-dri3-0 amd64 1.15-1ubuntu2 [7142 B]
Get:43 http://archive.ubuntu.com/ubuntu noble/main amd64 libxcb-present0 amd64 1.15-1ubuntu2 [5676 B]
Get:44 http://archive.ubuntu.com/ubuntu noble/main amd64 libxcb-randr0 amd64 1.15-1ubuntu2 [17.9 kB]
Get:45 http://archive.ubuntu.com/ubuntu noble/main amd64 libxcb-sync1 amd64 1.15-1ubuntu2 [9312 B]
Get:46 http://archive.ubuntu.com/ubuntu noble/main amd64 libxcb-xfixes0 amd64 1.15-1ubuntu2 [10.2 kB]
Get:47 http://archive.ubuntu.com/ubuntu noble/main amd64 libxshmfence1 amd64 1.3-1build5 [4764 B]
Get:48 http://archive.ubuntu.com/ubuntu noble-updates/main amd64 mesa-libgallium amd64 25.2.8-0ubuntu0.24.04.1 [10.8 MB]
Get:49 http://archive.ubuntu.com/ubuntu noble-updates/main amd64 libgbm1 amd64 25.2.8-0ubuntu0.24.04.1 [34.2 kB]
Get:50 http://archive.ubuntu.com/ubuntu noble-updates/main amd64 libegl-mesa0 amd64 25.2.8-0ubuntu0.24.04.1 [117 kB]
Get:51 http://archive.ubuntu.com/ubuntu noble/main amd64 libegl1 amd64 1.7.0-1build1 [28.7 kB]
Get:52 http://archive.ubuntu.com/ubuntu noble/main amd64 libxcb-glx0 amd64 1.15-1ubuntu2 [24.8 kB]
Get:53 http://archive.ubuntu.com/ubuntu noble/main amd64 libxxf86vm1 amd64 1:1.1.4-1build4 [9282 B]
Get:54 http://archive.ubuntu.com/ubuntu noble/main amd64 libvulkan1 amd64 1.3.275.0-1build1 [142 kB]
Get:55 http://archive.ubuntu.com/ubuntu noble-updates/main amd64 libgl1-mesa-dri amd64 25.2.8-0ubuntu0.24.04.1 [37.9 kB]
Get:56 http://archive.ubuntu.com/ubuntu noble-updates/main amd64 libglx-mesa0 amd64 25.2.8-0ubuntu0.24.04.1 [110 kB]
Get:57 http://archive.ubuntu.com/ubuntu noble/main amd64 libglx0 amd64 1.7.0-1build1 [38.6 kB]
Get:58 http://archive.ubuntu.com/ubuntu noble/main amd64 libgl1 amd64 1.7.0-1build1 [102 kB]
Get:59 http://archive.ubuntu.com/ubuntu noble/main amd64 libglx-dev amd64 1.7.0-1build1 [14.2 kB]
Get:60 http://archive.ubuntu.com/ubuntu noble/main amd64 libgl-dev amd64 1.7.0-1build1 [102 kB]
Get:61 http://archive.ubuntu.com/ubuntu noble/main amd64 libegl-dev amd64 1.7.0-1build1 [18.2 kB]
Get:62 http://archive.ubuntu.com/ubuntu noble/main amd64 libogg0 amd64 1.3.5-3build1 [22.7 kB]
Get:63 http://archive.ubuntu.com/ubuntu noble/main amd64 libflac12t64 amd64 1.4.3+ds-2.1ubuntu2 [197 kB]
Get:64 http://archive.ubuntu.com/ubuntu noble-updates/main amd64 libgbm-dev amd64 25.2.8-0ubuntu0.24.04.1 [12.7 kB]
Get:65 http://archive.ubuntu.com/ubuntu noble/main amd64 libgles1 amd64 1.7.0-1build1 [11.6 kB]
Get:66 http://archive.ubuntu.com/ubuntu noble/main amd64 libgles2 amd64 1.7.0-1build1 [17.1 kB]
Get:67 http://archive.ubuntu.com/ubuntu noble/main amd64 libgles-dev amd64 1.7.0-1build1 [50.5 kB]
Get:68 http://archive.ubuntu.com/ubuntu noble/universe amd64 libibus-1.0-dev amd64 1.5.29-2 [187 kB]
Get:69 http://archive.ubuntu.com/ubuntu noble/main amd64 libmp3lame0 amd64 3.100-6build1 [142 kB]
Get:70 http://archive.ubuntu.com/ubuntu noble-updates/main amd64 libmpg123-0t64 amd64 1.32.5-1ubuntu1.1 [169 kB]
Get:71 http://archive.ubuntu.com/ubuntu noble/main amd64 libopus0 amd64 1.4-1build1 [208 kB]
Get:72 http://archive.ubuntu.com/ubuntu noble/main amd64 libvorbis0a amd64 1.3.7-1build3 [97.6 kB]
Get:73 http://archive.ubuntu.com/ubuntu noble/main amd64 libvorbisenc2 amd64 1.3.7-1build3 [80.8 kB]
Get:74 http://archive.ubuntu.com/ubuntu noble-updates/main amd64 libsndfile1 amd64 1.2.2-1ubuntu5.24.04.1 [209 kB]
Get:75 http://archive.ubuntu.com/ubuntu noble-updates/main amd64 libpulse0 amd64 1:16.1+dfsg1-2ubuntu10.1 [292 kB]
Get:76 http://archive.ubuntu.com/ubuntu noble-updates/main amd64 libpulse-mainloop-glib0 amd64 1:16.1+dfsg1-2ubuntu10.1 [12.2 kB]
Get:77 http://archive.ubuntu.com/ubuntu noble-updates/universe amd64 libpulse-dev amd64 1:16.1+dfsg1-2ubuntu10.1 [75.6 kB]
Get:78 http://archive.ubuntu.com/ubuntu noble/main amd64 libsamplerate0 amd64 0.2.2-4build1 [1344 kB]
Get:79 http://archive.ubuntu.com/ubuntu noble/main amd64 libsamplerate0-dev amd64 0.2.2-4build1 [61.5 kB]
Get:80 http://archive.ubuntu.com/ubuntu noble/main amd64 libxfixes3 amd64 1:6.0.0-2build1 [10.8 kB]
Get:81 http://archive.ubuntu.com/ubuntu noble/main amd64 libxcursor1 amd64 1:1.2.1-1build1 [20.7 kB]
Get:82 http://archive.ubuntu.com/ubuntu noble/main amd64 libxi6 amd64 2:1.8.1-1build1 [32.4 kB]
Get:83 http://archive.ubuntu.com/ubuntu noble/main amd64 libxrandr2 amd64 2:1.5.2-2build1 [19.7 kB]
Get:84 http://archive.ubuntu.com/ubuntu noble/main amd64 libxss1 amd64 1:1.2.3-1build3 [7204 B]
Get:85 http://archive.ubuntu.com/ubuntu noble-updates/main amd64 libsdl2-2.0-0 amd64 2.30.0+dfsg-1ubuntu3.1 [686 kB]
Get:86 http://archive.ubuntu.com/ubuntu noble/universe amd64 libsndio7.0 amd64 1.9.0-0.3build3 [29.6 kB]
Get:87 http://archive.ubuntu.com/ubuntu noble/universe amd64 libsndio-dev amd64 1.9.0-0.3build3 [17.7 kB]
Get:88 http://archive.ubuntu.com/ubuntu noble-updates/main amd64 libudev-dev amd64 255.4-1ubuntu8.15 [22.0 kB]
Get:89 http://archive.ubuntu.com/ubuntu noble/main amd64 libxfixes-dev amd64 1:6.0.0-2build1 [12.1 kB]
Get:90 http://archive.ubuntu.com/ubuntu noble/main amd64 libxcursor-dev amd64 1:1.2.1-1build1 [31.8 kB]
Get:91 http://archive.ubuntu.com/ubuntu noble/main amd64 libxi-dev amd64 2:1.8.1-1build1 [194 kB]
Get:92 http://archive.ubuntu.com/ubuntu noble/main amd64 libxinerama1 amd64 2:1.1.4-3build1 [6396 B]
Get:93 http://archive.ubuntu.com/ubuntu noble/main amd64 libxinerama-dev amd64 2:1.1.4-3build1 [7988 B]
Get:94 http://archive.ubuntu.com/ubuntu noble/main amd64 libxkbcommon-dev amd64 1.6.0-1build1 [56.3 kB]
Get:95 http://archive.ubuntu.com/ubuntu noble/main amd64 libxrandr-dev amd64 2:1.5.2-2build1 [26.4 kB]
Get:96 http://archive.ubuntu.com/ubuntu noble/main amd64 libxss-dev amd64 1:1.2.3-1build3 [12.1 kB]
Get:97 http://archive.ubuntu.com/ubuntu noble/main amd64 libxv1 amd64 2:1.0.11-1.1build1 [10.7 kB]
Get:98 http://archive.ubuntu.com/ubuntu noble/main amd64 libxv-dev amd64 2:1.0.11-1.1build1 [33.3 kB]
Get:99 http://archive.ubuntu.com/ubuntu noble/main amd64 libxxf86vm-dev amd64 1:1.1.4-1build4 [13.8 kB]
Get:100 http://archive.ubuntu.com/ubuntu noble-updates/universe amd64 libsdl2-dev amd64 2.30.0+dfsg-1ubuntu3.1 [1141 kB]
debconf: delaying package configuration, since apt-utils is not installed
Fetched 64.4 MB in 2s (34.8 MB/s)
Selecting previously unselected package sgml-base.
(Reading database ... (Reading database ... 5%(Reading database ... 10%(Reading database ... 15%(Reading database ... 20%(Reading database ... 25%(Reading database ... 30%(Reading database ... 35%(Reading database ... 40%(Reading database ... 45%(Reading database ... 50%(Reading database ... 55%(Reading database ... 60%(Reading database ... 65%(Reading database ... 70%(Reading database ... 75%(Reading database ... 80%(Reading database ... 85%(Reading database ... 90%(Reading database ... 95%(Reading database ... 100%(Reading database ... 21361 files and directories currently installed.)
Preparing to unpack .../00-sgml-base_1.31_all.deb ...
Unpacking sgml-base (1.31) ...
Selecting previously unselected package libapparmor1:amd64.
Preparing to unpack .../01-libapparmor1_4.0.1really4.0.1-0ubuntu0.24.04.6_amd64.deb ...
Unpacking libapparmor1:amd64 (4.0.1really4.0.1-0ubuntu0.24.04.6) ...
Selecting previously unselected package libdbus-1-3:amd64.
Preparing to unpack .../02-libdbus-1-3_1.14.10-4ubuntu4.1_amd64.deb ...
Unpacking libdbus-1-3:amd64 (1.14.10-4ubuntu4.1) ...
Selecting previously unselected package xkb-data.
Preparing to unpack .../03-xkb-data_2.41-2ubuntu1.1_all.deb ...
Unpacking xkb-data (2.41-2ubuntu1.1) ...
Selecting previously unselected package libdrm-common.
Preparing to unpack .../04-libdrm-common_2.4.125-1ubuntu0.1~24.04.1_all.deb ...
Unpacking libdrm-common (2.4.125-1ubuntu0.1~24.04.1) ...
Selecting previously unselected package libdrm2:amd64.
Preparing to unpack .../05-libdrm2_2.4.125-1ubuntu0.1~24.04.1_amd64.deb ...
Unpacking libdrm2:amd64 (2.4.125-1ubuntu0.1~24.04.1) ...
Selecting previously unselected package libsensors-config.
Preparing to unpack .../06-libsensors-config_1%3a3.6.0-9build1_all.deb ...
Unpacking libsensors-config (1:3.6.0-9build1) ...
Selecting previously unselected package libsensors5:amd64.
Preparing to unpack .../07-libsensors5_1%3a3.6.0-9build1_amd64.deb ...
Unpacking libsensors5:amd64 (1:3.6.0-9build1) ...
Selecting previously unselected package libuv1t64:amd64.
Preparing to unpack .../08-libuv1t64_1.48.0-1.1build1_amd64.deb ...
Unpacking libuv1t64:amd64 (1.48.0-1.1build1) ...
Selecting previously unselected package libxkbcommon0:amd64.
Preparing to unpack .../09-libxkbcommon0_1.6.0-1build1_amd64.deb ...
Unpacking libxkbcommon0:amd64 (1.6.0-1build1) ...
Selecting previously unselected package libarchive13t64:amd64.
Preparing to unpack .../10-libarchive13t64_3.7.2-2ubuntu0.6_amd64.deb ...
Unpacking libarchive13t64:amd64 (3.7.2-2ubuntu0.6) ...
Selecting previously unselected package libjsoncpp25:amd64.
Preparing to unpack .../11-libjsoncpp25_1.9.5-6build1_amd64.deb ...
Unpacking libjsoncpp25:amd64 (1.9.5-6build1) ...
Selecting previously unselected package librhash0:amd64.
Preparing to unpack .../12-librhash0_1.4.3-3build1_amd64.deb ...
Unpacking librhash0:amd64 (1.4.3-3build1) ...
Selecting previously unselected package cmake-data.
Preparing to unpack .../13-cmake-data_3.28.3-1build7_all.deb ...
Unpacking cmake-data (3.28.3-1build7) ...
Selecting previously unselected package cmake.
Preparing to unpack .../14-cmake_3.28.3-1build7_amd64.deb ...
Unpacking cmake (3.28.3-1build7) ...
Selecting previously unselected package libibus-1.0-5:amd64.
Preparing to unpack .../15-libibus-1.0-5_1.5.29-2_amd64.deb ...
Unpacking libibus-1.0-5:amd64 (1.5.29-2) ...
Selecting previously unselected package gir1.2-ibus-1.0:amd64.
Preparing to unpack .../16-gir1.2-ibus-1.0_1.5.29-2_amd64.deb ...
Unpacking gir1.2-ibus-1.0:amd64 (1.5.29-2) ...
Selecting previously unselected package libasound2-data.
Preparing to unpack .../17-libasound2-data_1.2.11-1ubuntu0.2_all.deb ...
Unpacking libasound2-data (1.2.11-1ubuntu0.2) ...
Selecting previously unselected package libasound2t64:amd64.
Preparing to unpack .../18-libasound2t64_1.2.11-1ubuntu0.2_amd64.deb ...
Unpacking libasound2t64:amd64 (1.2.11-1ubuntu0.2) ...
Selecting previously unselected package libasound2-dev:amd64.
Preparing to unpack .../19-libasound2-dev_1.2.11-1ubuntu0.2_amd64.deb ...
Unpacking libasound2-dev:amd64 (1.2.11-1ubuntu0.2) ...
Selecting previously unselected package libasyncns0:amd64.
Preparing to unpack .../20-libasyncns0_0.8-6build4_amd64.deb ...
Unpacking libasyncns0:amd64 (0.8-6build4) ...
Selecting previously unselected package xml-core.
Preparing to unpack .../21-xml-core_0.19_all.deb ...
Unpacking xml-core (0.19) ...
Selecting previously unselected package libdbus-1-dev:amd64.
Preparing to unpack .../22-libdbus-1-dev_1.14.10-4ubuntu4.1_amd64.deb ...
Unpacking libdbus-1-dev:amd64 (1.14.10-4ubuntu4.1) ...
Selecting previously unselected package libwayland-client0:amd64.
Preparing to unpack .../23-libwayland-client0_1.22.0-2.1build1_amd64.deb ...
Unpacking libwayland-client0:amd64 (1.22.0-2.1build1) ...
Selecting previously unselected package libdecor-0-0:amd64.
Preparing to unpack .../24-libdecor-0-0_0.2.2-1build2_amd64.deb ...
Unpacking libdecor-0-0:amd64 (0.2.2-1build2) ...
Selecting previously unselected package libwayland-server0:amd64.
Preparing to unpack .../25-libwayland-server0_1.22.0-2.1build1_amd64.deb ...
Unpacking libwayland-server0:amd64 (1.22.0-2.1build1) ...
Selecting previously unselected package libwayland-cursor0:amd64.
Preparing to unpack .../26-libwayland-cursor0_1.22.0-2.1build1_amd64.deb ...
Unpacking libwayland-cursor0:amd64 (1.22.0-2.1build1) ...
Selecting previously unselected package libwayland-egl1:amd64.
Preparing to unpack .../27-libwayland-egl1_1.22.0-2.1build1_amd64.deb ...
Unpacking libwayland-egl1:amd64 (1.22.0-2.1build1) ...
Selecting previously unselected package libwayland-bin.
Preparing to unpack .../28-libwayland-bin_1.22.0-2.1build1_amd64.deb ...
Unpacking libwayland-bin (1.22.0-2.1build1) ...
Selecting previously unselected package libwayland-dev:amd64.
Preparing to unpack .../29-libwayland-dev_1.22.0-2.1build1_amd64.deb ...
Unpacking libwayland-dev:amd64 (1.22.0-2.1build1) ...
Selecting previously unselected package libdecor-0-dev:amd64.
Preparing to unpack .../30-libdecor-0-dev_0.2.2-1build2_amd64.deb ...
Unpacking libdecor-0-dev:amd64 (0.2.2-1build2) ...
Selecting previously unselected package libdrm-amdgpu1:amd64.
Preparing to unpack .../31-libdrm-amdgpu1_2.4.125-1ubuntu0.1~24.04.1_amd64.deb ...
Unpacking libdrm-amdgpu1:amd64 (2.4.125-1ubuntu0.1~24.04.1) ...
Selecting previously unselected package libpciaccess0:amd64.
Preparing to unpack .../32-libpciaccess0_0.17-3ubuntu0.24.04.2_amd64.deb ...
Unpacking libpciaccess0:amd64 (0.17-3ubuntu0.24.04.2) ...
Selecting previously unselected package libdrm-intel1:amd64.
Preparing to unpack .../33-libdrm-intel1_2.4.125-1ubuntu0.1~24.04.1_amd64.deb ...
Unpacking libdrm-intel1:amd64 (2.4.125-1ubuntu0.1~24.04.1) ...
Selecting previously unselected package libdrm-radeon1:amd64.
Preparing to unpack .../34-libdrm-radeon1_2.4.125-1ubuntu0.1~24.04.1_amd64.deb ...
Unpacking libdrm-radeon1:amd64 (2.4.125-1ubuntu0.1~24.04.1) ...
Selecting previously unselected package libdrm-nouveau2:amd64.
Preparing to unpack .../35-libdrm-nouveau2_2.4.125-1ubuntu0.1~24.04.1_amd64.deb ...
Unpacking libdrm-nouveau2:amd64 (2.4.125-1ubuntu0.1~24.04.1) ...
Selecting previously unselected package libpciaccess-dev:amd64.
Preparing to unpack .../36-libpciaccess-dev_0.17-3ubuntu0.24.04.2_amd64.deb ...
Unpacking libpciaccess-dev:amd64 (0.17-3ubuntu0.24.04.2) ...
Selecting previously unselected package libdrm-dev:amd64.
Preparing to unpack .../37-libdrm-dev_2.4.125-1ubuntu0.1~24.04.1_amd64.deb ...
Unpacking libdrm-dev:amd64 (2.4.125-1ubuntu0.1~24.04.1) ...
Selecting previously unselected package libglvnd0:amd64.
Preparing to unpack .../38-libglvnd0_1.7.0-1build1_amd64.deb ...
Unpacking libglvnd0:amd64 (1.7.0-1build1) ...
Selecting previously unselected package libllvm20:amd64.
Preparing to unpack .../39-libllvm20_1%3a20.1.2-0ubuntu1~24.04.2_amd64.deb ...
Unpacking libllvm20:amd64 (1:20.1.2-0ubuntu1~24.04.2) ...
Selecting previously unselected package libx11-xcb1:amd64.
Preparing to unpack .../40-libx11-xcb1_2%3a1.8.7-1build1_amd64.deb ...
Unpacking libx11-xcb1:amd64 (2:1.8.7-1build1) ...
Selecting previously unselected package libxcb-dri3-0:amd64.
Preparing to unpack .../41-libxcb-dri3-0_1.15-1ubuntu2_amd64.deb ...
Unpacking libxcb-dri3-0:amd64 (1.15-1ubuntu2) ...
Selecting previously unselected package libxcb-present0:amd64.
Preparing to unpack .../42-libxcb-present0_1.15-1ubuntu2_amd64.deb ...
Unpacking libxcb-present0:amd64 (1.15-1ubuntu2) ...
Selecting previously unselected package libxcb-randr0:amd64.
Preparing to unpack .../43-libxcb-randr0_1.15-1ubuntu2_amd64.deb ...
Unpacking libxcb-randr0:amd64 (1.15-1ubuntu2) ...
Selecting previously unselected package libxcb-sync1:amd64.
Preparing to unpack .../44-libxcb-sync1_1.15-1ubuntu2_amd64.deb ...
Unpacking libxcb-sync1:amd64 (1.15-1ubuntu2) ...
Selecting previously unselected package libxcb-xfixes0:amd64.
Preparing to unpack .../45-libxcb-xfixes0_1.15-1ubuntu2_amd64.deb ...
Unpacking libxcb-xfixes0:amd64 (1.15-1ubuntu2) ...
Selecting previously unselected package libxshmfence1:amd64.
Preparing to unpack .../46-libxshmfence1_1.3-1build5_amd64.deb ...
Unpacking libxshmfence1:amd64 (1.3-1build5) ...
Selecting previously unselected package mesa-libgallium:amd64.
Preparing to unpack .../47-mesa-libgallium_25.2.8-0ubuntu0.24.04.1_amd64.deb ...
Unpacking mesa-libgallium:amd64 (25.2.8-0ubuntu0.24.04.1) ...
Selecting previously unselected package libgbm1:amd64.
Preparing to unpack .../48-libgbm1_25.2.8-0ubuntu0.24.04.1_amd64.deb ...
Unpacking libgbm1:amd64 (25.2.8-0ubuntu0.24.04.1) ...
Selecting previously unselected package libegl-mesa0:amd64.
Preparing to unpack .../49-libegl-mesa0_25.2.8-0ubuntu0.24.04.1_amd64.deb ...
Unpacking libegl-mesa0:amd64 (25.2.8-0ubuntu0.24.04.1) ...
Selecting previously unselected package libegl1:amd64.
Preparing to unpack .../50-libegl1_1.7.0-1build1_amd64.deb ...
Unpacking libegl1:amd64 (1.7.0-1build1) ...
Selecting previously unselected package libxcb-glx0:amd64.
Preparing to unpack .../51-libxcb-glx0_1.15-1ubuntu2_amd64.deb ...
Unpacking libxcb-glx0:amd64 (1.15-1ubuntu2) ...
Selecting previously unselected package libxxf86vm1:amd64.
Preparing to unpack .../52-libxxf86vm1_1%3a1.1.4-1build4_amd64.deb ...
Unpacking libxxf86vm1:amd64 (1:1.1.4-1build4) ...
Selecting previously unselected package libvulkan1:amd64.
Preparing to unpack .../53-libvulkan1_1.3.275.0-1build1_amd64.deb ...
Unpacking libvulkan1:amd64 (1.3.275.0-1build1) ...
Selecting previously unselected package libgl1-mesa-dri:amd64.
Preparing to unpack .../54-libgl1-mesa-dri_25.2.8-0ubuntu0.24.04.1_amd64.deb ...
Unpacking libgl1-mesa-dri:amd64 (25.2.8-0ubuntu0.24.04.1) ...
Selecting previously unselected package libglx-mesa0:amd64.
Preparing to unpack .../55-libglx-mesa0_25.2.8-0ubuntu0.24.04.1_amd64.deb ...
Unpacking libglx-mesa0:amd64 (25.2.8-0ubuntu0.24.04.1) ...
Selecting previously unselected package libglx0:amd64.
Preparing to unpack .../56-libglx0_1.7.0-1build1_amd64.deb ...
Unpacking libglx0:amd64 (1.7.0-1build1) ...
Selecting previously unselected package libgl1:amd64.
Preparing to unpack .../57-libgl1_1.7.0-1build1_amd64.deb ...
Unpacking libgl1:amd64 (1.7.0-1build1) ...
Selecting previously unselected package libglx-dev:amd64.
Preparing to unpack .../58-libglx-dev_1.7.0-1build1_amd64.deb ...
Unpacking libglx-dev:amd64 (1.7.0-1build1) ...
Selecting previously unselected package libgl-dev:amd64.
Preparing to unpack .../59-libgl-dev_1.7.0-1build1_amd64.deb ...
Unpacking libgl-dev:amd64 (1.7.0-1build1) ...
Selecting previously unselected package libegl-dev:amd64.
Preparing to unpack .../60-libegl-dev_1.7.0-1build1_amd64.deb ...
Unpacking libegl-dev:amd64 (1.7.0-1build1) ...
Selecting previously unselected package libogg0:amd64.
Preparing to unpack .../61-libogg0_1.3.5-3build1_amd64.deb ...
Unpacking libogg0:amd64 (1.3.5-3build1) ...
Selecting previously unselected package libflac12t64:amd64.
Preparing to unpack .../62-libflac12t64_1.4.3+ds-2.1ubuntu2_amd64.deb ...
Unpacking libflac12t64:amd64 (1.4.3+ds-2.1ubuntu2) ...
Selecting previously unselected package libgbm-dev:amd64.
Preparing to unpack .../63-libgbm-dev_25.2.8-0ubuntu0.24.04.1_amd64.deb ...
Unpacking libgbm-dev:amd64 (25.2.8-0ubuntu0.24.04.1) ...
Selecting previously unselected package libgles1:amd64.
Preparing to unpack .../64-libgles1_1.7.0-1build1_amd64.deb ...
Unpacking libgles1:amd64 (1.7.0-1build1) ...
Selecting previously unselected package libgles2:amd64.
Preparing to unpack .../65-libgles2_1.7.0-1build1_amd64.deb ...
Unpacking libgles2:amd64 (1.7.0-1build1) ...
Selecting previously unselected package libgles-dev:amd64.
Preparing to unpack .../66-libgles-dev_1.7.0-1build1_amd64.deb ...
Unpacking libgles-dev:amd64 (1.7.0-1build1) ...
Selecting previously unselected package libibus-1.0-dev:amd64.
Preparing to unpack .../67-libibus-1.0-dev_1.5.29-2_amd64.deb ...
Unpacking libibus-1.0-dev:amd64 (1.5.29-2) ...
Selecting previously unselected package libmp3lame0:amd64.
Preparing to unpack .../68-libmp3lame0_3.100-6build1_amd64.deb ...
Unpacking libmp3lame0:amd64 (3.100-6build1) ...
Selecting previously unselected package libmpg123-0t64:amd64.
Preparing to unpack .../69-libmpg123-0t64_1.32.5-1ubuntu1.1_amd64.deb ...
Unpacking libmpg123-0t64:amd64 (1.32.5-1ubuntu1.1) ...
Selecting previously unselected package libopus0:amd64.
Preparing to unpack .../70-libopus0_1.4-1build1_amd64.deb ...
Unpacking libopus0:amd64 (1.4-1build1) ...
Selecting previously unselected package libvorbis0a:amd64.
Preparing to unpack .../71-libvorbis0a_1.3.7-1build3_amd64.deb ...
Unpacking libvorbis0a:amd64 (1.3.7-1build3) ...
Selecting previously unselected package libvorbisenc2:amd64.
Preparing to unpack .../72-libvorbisenc2_1.3.7-1build3_amd64.deb ...
Unpacking libvorbisenc2:amd64 (1.3.7-1build3) ...
Selecting previously unselected package libsndfile1:amd64.
Preparing to unpack .../73-libsndfile1_1.2.2-1ubuntu5.24.04.1_amd64.deb ...
Unpacking libsndfile1:amd64 (1.2.2-1ubuntu5.24.04.1) ...
Selecting previously unselected package libpulse0:amd64.
Preparing to unpack .../74-libpulse0_1%3a16.1+dfsg1-2ubuntu10.1_amd64.deb ...
Unpacking libpulse0:amd64 (1:16.1+dfsg1-2ubuntu10.1) ...
Selecting previously unselected package libpulse-mainloop-glib0:amd64.
Preparing to unpack .../75-libpulse-mainloop-glib0_1%3a16.1+dfsg1-2ubuntu10.1_amd64.deb ...
Unpacking libpulse-mainloop-glib0:amd64 (1:16.1+dfsg1-2ubuntu10.1) ...
Selecting previously unselected package libpulse-dev:amd64.
Preparing to unpack .../76-libpulse-dev_1%3a16.1+dfsg1-2ubuntu10.1_amd64.deb ...
Unpacking libpulse-dev:amd64 (1:16.1+dfsg1-2ubuntu10.1) ...
Selecting previously unselected package libsamplerate0:amd64.
Preparing to unpack .../77-libsamplerate0_0.2.2-4build1_amd64.deb ...
Unpacking libsamplerate0:amd64 (0.2.2-4build1) ...
Selecting previously unselected package libsamplerate0-dev:amd64.
Preparing to unpack .../78-libsamplerate0-dev_0.2.2-4build1_amd64.deb ...
Unpacking libsamplerate0-dev:amd64 (0.2.2-4build1) ...
Selecting previously unselected package libxfixes3:amd64.
Preparing to unpack .../79-libxfixes3_1%3a6.0.0-2build1_amd64.deb ...
Unpacking libxfixes3:amd64 (1:6.0.0-2build1) ...
Selecting previously unselected package libxcursor1:amd64.
Preparing to unpack .../80-libxcursor1_1%3a1.2.1-1build1_amd64.deb ...
Unpacking libxcursor1:amd64 (1:1.2.1-1build1) ...
Selecting previously unselected package libxi6:amd64.
Preparing to unpack .../81-libxi6_2%3a1.8.1-1build1_amd64.deb ...
Unpacking libxi6:amd64 (2:1.8.1-1build1) ...
Selecting previously unselected package libxrandr2:amd64.
Preparing to unpack .../82-libxrandr2_2%3a1.5.2-2build1_amd64.deb ...
Unpacking libxrandr2:amd64 (2:1.5.2-2build1) ...
Selecting previously unselected package libxss1:amd64.
Preparing to unpack .../83-libxss1_1%3a1.2.3-1build3_amd64.deb ...
Unpacking libxss1:amd64 (1:1.2.3-1build3) ...
Selecting previously unselected package libsdl2-2.0-0:amd64.
Preparing to unpack .../84-libsdl2-2.0-0_2.30.0+dfsg-1ubuntu3.1_amd64.deb ...
Unpacking libsdl2-2.0-0:amd64 (2.30.0+dfsg-1ubuntu3.1) ...
Selecting previously unselected package libsndio7.0:amd64.
Preparing to unpack .../85-libsndio7.0_1.9.0-0.3build3_amd64.deb ...
Unpacking libsndio7.0:amd64 (1.9.0-0.3build3) ...
Selecting previously unselected package libsndio-dev:amd64.
Preparing to unpack .../86-libsndio-dev_1.9.0-0.3build3_amd64.deb ...
Unpacking libsndio-dev:amd64 (1.9.0-0.3build3) ...
Selecting previously unselected package libudev-dev:amd64.
Preparing to unpack .../87-libudev-dev_255.4-1ubuntu8.15_amd64.deb ...
Unpacking libudev-dev:amd64 (255.4-1ubuntu8.15) ...
Selecting previously unselected package libxfixes-dev:amd64.
Preparing to unpack .../88-libxfixes-dev_1%3a6.0.0-2build1_amd64.deb ...
Unpacking libxfixes-dev:amd64 (1:6.0.0-2build1) ...
Selecting previously unselected package libxcursor-dev:amd64.
Preparing to unpack .../89-libxcursor-dev_1%3a1.2.1-1build1_amd64.deb ...
Unpacking libxcursor-dev:amd64 (1:1.2.1-1build1) ...
Selecting previously unselected package libxi-dev:amd64.
Preparing to unpack .../90-libxi-dev_2%3a1.8.1-1build1_amd64.deb ...
Unpacking libxi-dev:amd64 (2:1.8.1-1build1) ...
Selecting previously unselected package libxinerama1:amd64.
Preparing to unpack .../91-libxinerama1_2%3a1.1.4-3build1_amd64.deb ...
Unpacking libxinerama1:amd64 (2:1.1.4-3build1) ...
Selecting previously unselected package libxinerama-dev:amd64.
Preparing to unpack .../92-libxinerama-dev_2%3a1.1.4-3build1_amd64.deb ...
Unpacking libxinerama-dev:amd64 (2:1.1.4-3build1) ...
Selecting previously unselected package libxkbcommon-dev:amd64.
Preparing to unpack .../93-libxkbcommon-dev_1.6.0-1build1_amd64.deb ...
Unpacking libxkbcommon-dev:amd64 (1.6.0-1build1) ...
Selecting previously unselected package libxrandr-dev:amd64.
Preparing to unpack .../94-libxrandr-dev_2%3a1.5.2-2build1_amd64.deb ...
Unpacking libxrandr-dev:amd64 (2:1.5.2-2build1) ...
Selecting previously unselected package libxss-dev:amd64.
Preparing to unpack .../95-libxss-dev_1%3a1.2.3-1build3_amd64.deb ...
Unpacking libxss-dev:amd64 (1:1.2.3-1build3) ...
Selecting previously unselected package libxv1:amd64.
Preparing to unpack .../96-libxv1_2%3a1.0.11-1.1build1_amd64.deb ...
Unpacking libxv1:amd64 (2:1.0.11-1.1build1) ...
Selecting previously unselected package libxv-dev:amd64.
Preparing to unpack .../97-libxv-dev_2%3a1.0.11-1.1build1_amd64.deb ...
Unpacking libxv-dev:amd64 (2:1.0.11-1.1build1) ...
Selecting previously unselected package libxxf86vm-dev:amd64.
Preparing to unpack .../98-libxxf86vm-dev_1%3a1.1.4-1build4_amd64.deb ...
Unpacking libxxf86vm-dev:amd64 (1:1.1.4-1build4) ...
Selecting previously unselected package libsdl2-dev:amd64.
Preparing to unpack .../99-libsdl2-dev_2.30.0+dfsg-1ubuntu3.1_amd64.deb ...
Unpacking libsdl2-dev:amd64 (2.30.0+dfsg-1ubuntu3.1) ...
Setting up libxcb-dri3-0:amd64 (1.15-1ubuntu2) ...
Setting up libwayland-server0:amd64 (1.22.0-2.1build1) ...
Setting up libx11-xcb1:amd64 (2:1.8.7-1build1) ...
Setting up libpciaccess0:amd64 (0.17-3ubuntu0.24.04.2) ...
Setting up libapparmor1:amd64 (4.0.1really4.0.1-0ubuntu0.24.04.6) ...
Setting up libpciaccess-dev:amd64 (0.17-3ubuntu0.24.04.2) ...
Setting up libxcb-xfixes0:amd64 (1.15-1ubuntu2) ...
Setting up libogg0:amd64 (1.3.5-3build1) ...
Setting up libxi6:amd64 (2:1.8.1-1build1) ...
Setting up libglvnd0:amd64 (1.7.0-1build1) ...
Setting up libxcb-glx0:amd64 (1.15-1ubuntu2) ...
Setting up libuv1t64:amd64 (1.48.0-1.1build1) ...
Setting up libibus-1.0-5:amd64 (1.5.29-2) ...
Setting up libsensors-config (1:3.6.0-9build1) ...
Setting up xkb-data (2.41-2ubuntu1.1) ...
Setting up libmpg123-0t64:amd64 (1.32.5-1ubuntu1.1) ...
Setting up libxxf86vm1:amd64 (1:1.1.4-1build4) ...
Setting up libxcb-present0:amd64 (1.15-1ubuntu2) ...
Setting up libasound2-data (1.2.11-1ubuntu0.2) ...
Setting up libwayland-bin (1.22.0-2.1build1) ...
Setting up libgles2:amd64 (1.7.0-1build1) ...
Setting up libasound2t64:amd64 (1.2.11-1ubuntu0.2) ...
Setting up libxfixes3:amd64 (1:6.0.0-2build1) ...
Setting up libxcb-sync1:amd64 (1.15-1ubuntu2) ...
Setting up libgles1:amd64 (1.7.0-1build1) ...
Setting up libdbus-1-3:amd64 (1.14.10-4ubuntu4.1) ...
Setting up libopus0:amd64 (1.4-1build1) ...
Setting up libxinerama1:amd64 (2:1.1.4-3build1) ...
Setting up libxv1:amd64 (2:1.0.11-1.1build1) ...
Setting up libvorbis0a:amd64 (1.3.7-1build3) ...
Setting up libxrandr2:amd64 (2:1.5.2-2build1) ...
Setting up libjsoncpp25:amd64 (1.9.5-6build1) ...
Setting up libllvm20:amd64 (1:20.1.2-0ubuntu1~24.04.2) ...
Setting up libudev-dev:amd64 (255.4-1ubuntu8.15) ...
Setting up libxinerama-dev:amd64 (2:1.1.4-3build1) ...
Setting up libsensors5:amd64 (1:3.6.0-9build1) ...
Setting up libvulkan1:amd64 (1.3.275.0-1build1) ...
Setting up libsndio7.0:amd64 (1.9.0-0.3build3) ...
Setting up libasyncns0:amd64 (0.8-6build4) ...
Setting up libxshmfence1:amd64 (1.3-1build5) ...
Setting up librhash0:amd64 (1.4.3-3build1) ...
Setting up libxcb-randr0:amd64 (1.15-1ubuntu2) ...
Setting up sgml-base (1.31) ...
Setting up cmake-data (3.28.3-1build7) ...
Setting up libflac12t64:amd64 (1.4.3+ds-2.1ubuntu2) ...
Setting up libwayland-egl1:amd64 (1.22.0-2.1build1) ...
Setting up libxss1:amd64 (1:1.2.3-1build3) ...
Setting up libasound2-dev:amd64 (1.2.11-1ubuntu0.2) ...
Setting up libsamplerate0:amd64 (0.2.2-4build1) ...
Setting up gir1.2-ibus-1.0:amd64 (1.5.29-2) ...
Setting up libdrm-common (2.4.125-1ubuntu0.1~24.04.1) ...
Setting up libarchive13t64:amd64 (3.7.2-2ubuntu0.6) ...
Setting up libmp3lame0:amd64 (3.100-6build1) ...
Setting up libvorbisenc2:amd64 (1.3.7-1build3) ...
Setting up libxkbcommon0:amd64 (1.6.0-1build1) ...
Setting up libwayland-client0:amd64 (1.22.0-2.1build1) ...
Setting up libsndio-dev:amd64 (1.9.0-0.3build3) ...
Setting up libxxf86vm-dev:amd64 (1:1.1.4-1build4) ...
Setting up libxkbcommon-dev:amd64 (1.6.0-1build1) ...
Setting up libxcursor1:amd64 (1:1.2.1-1build1) ...
Setting up libsamplerate0-dev:amd64 (0.2.2-4build1) ...
Setting up libxss-dev:amd64 (1:1.2.3-1build3) ...
Setting up libxfixes-dev:amd64 (1:6.0.0-2build1) ...
Setting up libxv-dev:amd64 (2:1.0.11-1.1build1) ...
Setting up libxrandr-dev:amd64 (2:1.5.2-2build1) ...
Setting up libdrm2:amd64 (2.4.125-1ubuntu0.1~24.04.1) ...
Setting up libwayland-cursor0:amd64 (1.22.0-2.1build1) ...
Setting up xml-core (0.19) ...
Setting up libdecor-0-0:amd64 (0.2.2-1build2) ...
Setting up cmake (3.28.3-1build7) ...
Setting up libsndfile1:amd64 (1.2.2-1ubuntu5.24.04.1) ...
Setting up libxi-dev:amd64 (2:1.8.1-1build1) ...
Setting up libdrm-amdgpu1:amd64 (2.4.125-1ubuntu0.1~24.04.1) ...
Setting up libdrm-nouveau2:amd64 (2.4.125-1ubuntu0.1~24.04.1) ...
Setting up libpulse0:amd64 (1:16.1+dfsg1-2ubuntu10.1) ...
Setting up libdrm-radeon1:amd64 (2.4.125-1ubuntu0.1~24.04.1) ...
Setting up libxcursor-dev:amd64 (1:1.2.1-1build1) ...
Setting up libdrm-intel1:amd64 (2.4.125-1ubuntu0.1~24.04.1) ...
Setting up libwayland-dev:amd64 (1.22.0-2.1build1) ...
Setting up libdecor-0-dev:amd64 (0.2.2-1build2) ...
Setting up libpulse-mainloop-glib0:amd64 (1:16.1+dfsg1-2ubuntu10.1) ...
Setting up libpulse-dev:amd64 (1:16.1+dfsg1-2ubuntu10.1) ...
Setting up mesa-libgallium:amd64 (25.2.8-0ubuntu0.24.04.1) ...
Setting up libdrm-dev:amd64 (2.4.125-1ubuntu0.1~24.04.1) ...
Setting up libgbm1:amd64 (25.2.8-0ubuntu0.24.04.1) ...
Setting up libgl1-mesa-dri:amd64 (25.2.8-0ubuntu0.24.04.1) ...
Setting up libgbm-dev:amd64 (25.2.8-0ubuntu0.24.04.1) ...
Setting up libegl-mesa0:amd64 (25.2.8-0ubuntu0.24.04.1) ...
Setting up libegl1:amd64 (1.7.0-1build1) ...
Setting up libsdl2-2.0-0:amd64 (2.30.0+dfsg-1ubuntu3.1) ...
Setting up libglx-mesa0:amd64 (25.2.8-0ubuntu0.24.04.1) ...
Setting up libglx0:amd64 (1.7.0-1build1) ...
Setting up libgl1:amd64 (1.7.0-1build1) ...
Setting up libglx-dev:amd64 (1.7.0-1build1) ...
Setting up libgl-dev:amd64 (1.7.0-1build1) ...
Setting up libegl-dev:amd64 (1.7.0-1build1) ...
Setting up libgles-dev:amd64 (1.7.0-1build1) ...
Processing triggers for libc-bin (2.39-0ubuntu8.7) ...
Processing triggers for sgml-base (1.31) ...
Setting up libdbus-1-dev:amd64 (1.14.10-4ubuntu4.1) ...
Setting up libibus-1.0-dev:amd64 (1.5.29-2) ...
Setting up libsdl2-dev:amd64 (2.30.0+dfsg-1ubuntu3.1) ...
-- The C compiler identification is GNU 13.3.0
-- The CXX compiler identification is GNU 13.3.0
-- Detecting C compiler ABI info
-- Detecting C compiler ABI info - done
-- Check for working C compiler: /usr/bin/cc - skipped
-- Detecting C compile features
-- Detecting C compile features - done
-- Detecting CXX compiler ABI info
-- Detecting CXX compiler ABI info - done
-- Check for working CXX compiler: /usr/bin/c++ - skipped
-- Detecting CXX compile features
-- Detecting CXX compile features - done
-- Configuring done (0.7s)
-- Generating done (0.0s)
-- Build files have been written to: /repos/volker-p/dark-factory-01/target-repo/cmake-build-debug
--- CMAKE CONFIGURE SUCCEEDED ---
[  7%] Building CXX object CMakeFiles/SimulationPathFinder.dir/src/Robot.cpp.o
[ 14%] Building CXX object CMakeFiles/SimulationPathFinder.dir/src/SensorNoise.cpp.o
[ 21%] Building CXX object CMakeFiles/SimulationPathFinder.dir/src/Maze.cpp.o
[ 28%] Building CXX object CMakeFiles/SimulationPathFinder.dir/src/Config.cpp.o
[ 35%] Building CXX object CMakeFiles/SimulationPathFinder.dir/src/WallFollower.cpp.o
[ 42%] Building CXX object CMakeFiles/SimulationPathFinder.dir/src/PerformanceMetrics.cpp.o
[ 50%] Building CXX object CMakeFiles/SimulationPathFinder.dir/src/Renderer.cpp.o
[ 57%] Building CXX object CMakeFiles/SimulationPathFinder.dir/src/Pathfinder.cpp.o
[ 64%] Building CXX object CMakeFiles/SimulationPathFinder.dir/src/DataLogger.cpp.o
[ 71%] Building CXX object CMakeFiles/SimulationPathFinder.dir/src/BatchSimulation.cpp.o
[ 78%] Building CXX object CMakeFiles/SimulationPathFinder.dir/src/Simulation.cpp.o
[ 85%] Building CXX object CMakeFiles/SimulationPathFinder.dir/src/ScenarioSimulation.cpp.o
[ 92%] Building CXX object CMakeFiles/SimulationPathFinder.dir/main.cpp.o
[100%] Linking CXX executable SimulationPathFinder
[100%] Built target SimulationPathFinder
--- BUILD SUCCEEDED ---
--- Checking for banned symbols in WallFollower.cpp ---
PASS: no relative-turn flags found
--- Checking Config.h for required fields ---
PASS: all three config fields present in Config.h
--- Running scenario: straight_tunnel ---
Configuration loaded from config.json
Scenario: STRAIGHT_TUNNEL
  Traversal success : NO
  Steps taken       : 10000
  Distance (cm)     : 19.7
  Min clearance (cm): 9.0
  Near misses       : 9966
  Collisions        : 9959
ASSERTION FAILED: straight_tunnel did not report Traversal success: YES
